// Jest Snapshot v1, https://goo.gl/fbAQLP

exports[`should render Header correctly 1`] = `
<header>
  <h1>
    School App
  </h1>
  <NavLink
    activeClassName="is-active"
    exact={true}
    to="/"
  >
    Activity Plan
  </NavLink>
  <NavLink
    activeClassName="is-active"
    to="/create"
  >
    Add Activity
  </NavLink>
</header>
`;
