// Jest Snapshot v1, https://goo.gl/fbAQLP

exports[`NotFoundPage should render NotFoundPage correctly 1`] = `
<div>
  <p>
    404 - 
  </p>
  <Link
    to="/"
  >
    Go home
  </Link>
</div>
`;
